"","x","y","label","colour"
"1","PHATE1","PHATE2","label","classification"
